Error: Was not able to save file: 12. It was not image file. 

Error: Was not able to save file: 12. It was not image file. 

Error: Was not able to save file: 12. It was not image file. 

Error: Was not able to save file: 12. It was not image file. 

Error: Was not able to save file: 12. It was not image file. 

Error: Was not able to save file: 12. It was not image file. 

